2026-09-22 23:36:10,423 - main - INFO - === Logging system initialized ===
2026-09-22 23:36:10,423 - main - INFO - Log file: logs/app_20260922.log
2026-09-22 23:36:10,423 - main - INFO - Log level: DEBUG
2026-09-22 23:36:10,423 - main - INFO - Log date: 20260922
2026-09-22 23:36:10,608 - main - INFO - Included router: routers.aihub.router
2026-09-22 23:36:11,883 - main - INFO - Included router: routers.auth.router
2026-09-22 23:36:11,893 - main - INFO - Included router: routers.health.router
2026-09-22 23:36:11,924 - main - INFO - Included router: routers.settings.router
2026-09-22 23:36:11,997 - main - INFO - Included router: routers.storage.router
2026-09-22 23:36:12,072 - main - INFO - Included router: routers.user.router
2026-09-22 23:36:12,074 - main - INFO - === Application startup initiated ===
2026-09-22 23:36:12,074 - main - INFO - === Application startup completed successfully ===
2026-09-22 23:39:25,154 - main - INFO - === Logging system initialized ===
2026-09-22 23:39:25,154 - main - INFO - Log file: logs/app_20260922.log
2026-09-22 23:39:25,154 - main - INFO - Log level: DEBUG
2026-09-22 23:39:25,154 - main - INFO - Log date: 20260922
2026-09-22 23:39:25,244 - main - INFO - Included router: routers.aihub.router
2026-09-22 23:39:25,893 - main - INFO - Included router: routers.auth.router
2026-09-22 23:39:26,093 - main - INFO - Included router: routers.build_tasks.router
2026-09-22 23:39:26,097 - main - INFO - Included router: routers.health.router
2026-09-22 23:39:26,197 - main - INFO - Included router: routers.project_versions.router
2026-09-22 23:39:26,297 - main - INFO - Included router: routers.projects.router
2026-09-22 23:39:26,309 - main - INFO - Included router: routers.settings.router
2026-09-22 23:39:26,330 - main - INFO - Included router: routers.storage.router
2026-09-22 23:39:26,399 - main - INFO - Included router: routers.usage_quotas.router
2026-09-22 23:39:26,421 - main - INFO - Included router: routers.user.router
2026-09-22 23:39:26,423 - main - INFO - === Application startup initiated ===
2026-09-22 23:39:26,423 - main - INFO - === Application startup completed successfully ===
2026-09-22 23:39:34,388 - main - INFO - === Logging system initialized ===
2026-09-22 23:39:34,388 - main - INFO - Log file: logs/app_20260922.log
2026-09-22 23:39:34,388 - main - INFO - Log level: DEBUG
2026-09-22 23:39:34,388 - main - INFO - Log date: 20260922
2026-09-22 23:39:34,503 - main - INFO - Included router: routers.aihub.router
2026-09-22 23:39:35,302 - main - INFO - Included router: routers.auth.router
2026-09-22 23:39:35,424 - main - INFO - Included router: routers.build_tasks.router
2026-09-22 23:39:35,478 - main - INFO - Included router: routers.generation.router
2026-09-22 23:39:35,481 - main - INFO - Included router: routers.health.router
2026-09-22 23:39:35,510 - main - INFO - Included router: routers.project_versions.router
2026-09-22 23:39:35,538 - main - INFO - Included router: routers.projects.router
2026-09-22 23:39:35,552 - main - INFO - Included router: routers.settings.router
2026-09-22 23:39:35,578 - main - INFO - Included router: routers.storage.router
2026-09-22 23:39:35,605 - main - INFO - Included router: routers.usage_quotas.router
2026-09-22 23:39:35,621 - main - INFO - Included router: routers.user.router
2026-09-22 23:39:35,623 - main - INFO - === Application startup initiated ===
2026-09-22 23:39:35,623 - main - INFO - === Application startup completed successfully ===
2026-09-22 23:40:57,471 - main - INFO - === Logging system initialized ===
2026-09-22 23:40:57,471 - main - INFO - Log file: logs/app_20260922.log
2026-09-22 23:40:57,472 - main - INFO - Log level: DEBUG
2026-09-22 23:40:57,472 - main - INFO - Log date: 20260922
2026-09-22 23:40:57,577 - main - INFO - Included router: routers.aihub.router
2026-09-22 23:40:58,290 - main - INFO - Included router: routers.auth.router
2026-09-22 23:40:58,396 - main - INFO - Included router: routers.build_tasks.router
2026-09-22 23:40:58,433 - main - INFO - Included router: routers.generation.router
2026-09-22 23:40:58,435 - main - INFO - Included router: routers.health.router
2026-09-22 23:40:58,465 - main - INFO - Included router: routers.project_versions.router
2026-09-22 23:40:58,493 - main - INFO - Included router: routers.projects.router
2026-09-22 23:40:58,504 - main - INFO - Included router: routers.settings.router
2026-09-22 23:40:58,529 - main - INFO - Included router: routers.storage.router
2026-09-22 23:40:58,557 - main - INFO - Included router: routers.usage_quotas.router
2026-09-22 23:40:58,574 - main - INFO - Included router: routers.user.router
2026-09-22 23:40:58,577 - main - INFO - === Application startup initiated ===
2026-09-22 23:40:58,577 - main - INFO - === Application startup completed successfully ===
2026-09-22 23:40:59,727 - main - INFO - === Logging system initialized ===
2026-09-22 23:40:59,727 - main - INFO - Log file: logs/app_20260922.log
2026-09-22 23:40:59,727 - main - INFO - Log level: DEBUG
2026-09-22 23:40:59,727 - main - INFO - Log date: 20260922
2026-09-22 23:40:59,843 - main - INFO - Included router: routers.aihub.router
2026-09-22 23:41:00,564 - main - INFO - Included router: routers.auth.router
2026-09-22 23:41:00,685 - main - INFO - Included router: routers.build_tasks.router
2026-09-22 23:41:00,717 - main - INFO - Included router: routers.generation.router
2026-09-22 23:41:00,721 - main - INFO - Included router: routers.health.router
2026-09-22 23:41:00,749 - main - INFO - Included router: routers.project_versions.router
2026-09-22 23:41:00,780 - main - INFO - Included router: routers.projects.router
2026-09-22 23:41:00,794 - main - INFO - Included router: routers.settings.router
2026-09-22 23:41:00,820 - main - INFO - Included router: routers.storage.router
2026-09-22 23:41:00,850 - main - INFO - Included router: routers.usage_quotas.router
2026-09-22 23:41:00,865 - main - INFO - Included router: routers.user.router
2026-09-22 23:41:00,867 - main - INFO - === Application startup initiated ===
2026-09-22 23:41:00,868 - main - INFO - === Application startup completed successfully ===
2026-09-22 23:47:17,552 - dependencies.auth - DEBUG - Authentication required for request GET /api/v1/auth/me
2026-09-22 23:48:09,833 - dependencies.auth - DEBUG - Authentication required for request GET /api/v1/auth/me
